C:\Users\gurjeet>heroku logs -a googleclubs
2020-09-15T05:28:36.808738+00:00 heroku[router]: at=error code=H10 desc="App crashed" method=GET path="/favicon.ico" host=www.shoptraders.in request_id=a921fb20-fd64-4179-afb3-8f76f4e59fd9 fwd="49.15.236.64" dyno= connect= service= status=503 bytes= protocol=https
2020-09-15T05:28:37.016250+00:00 heroku[router]: at=error code=H10 desc="App crashed" method=GET path="/apple-icon-180x180.png" host=www.shoptraders.in request_id=2705789b-ffe6-4517-aeba-e14f4c38c852 fwd="49.15.236.64" dyno= connect= service= status=503 bytes= protocol=https
2020-09-15T05:28:44.444395+00:00 heroku[router]: at=error code=H10 desc="App crashed" method=GET path="/signup/612728" host=www.shoptraders.in request_id=d9556f8a-7f35-4365-9ebf-c232ec57ee53 fwd="49.15.236.64" dyno= connect= service= status=503 bytes= protocol=https
2020-09-15T05:28:46.345302+00:00 heroku[router]: at=error code=H10 desc="App crashed" method=GET path="/favicon.ico" host=www.shoptraders.in request_id=f873db47-af25-4610-9c85-ecd1b03096a8 fwd="49.15.236.64" dyno= connect= service= status=503 bytes= protocol=https
2020-09-15T05:28:49.051478+00:00 heroku[router]: at=error code=H10 desc="App crashed" method=GET path="/enjoy" host=www.shoptraders.in request_id=1de06ec3-f435-42b5-9a54-a2bcb5c3e8d6 fwd="14.102.126.138" dyno= connect= service= status=503 bytes= protocol=https
2020-09-15T05:28:50.756216+00:00 heroku[router]: at=error code=H10 desc="App crashed" method=GET path="/favicon.ico" host=www.shoptraders.in request_id=0607f19b-68a6-4898-9c48-3b6f971cd597 fwd="14.102.126.138" dyno= connect= service= status=503 bytes= protocol=https
2020-09-15T05:28:50.848579+00:00 heroku[router]: at=error code=H10 desc="App crashed" method=GET path="/signup/612728" host=www.shoptraders.in request_id=86859178-80c4-4959-9891-c43331f31cd2 fwd="49.15.236.64" dyno= connect= service= status=503 bytes= protocol=https
2020-09-15T05:28:51.936340+00:00 heroku[router]: at=error code=H10 desc="App crashed" method=GET path="/favicon.ico" host=www.shoptraders.in request_id=dfff0521-02ee-4efe-9167-a20e0e7ba89e fwd="49.15.236.64" dyno= connect= service= status=503 bytes= protocol=https
2020-09-15T05:28:56.611486+00:00 heroku[router]: at=error code=H10 desc="App crashed" method=GET path="/signup/612728" host=www.shoptraders.in request_id=4ac93a58-0293-4ceb-9c7e-77785b0c6233 fwd="49.15.236.64" dyno= connect= service= status=503 bytes= protocol=https
2020-09-15T05:28:57.735732+00:00 heroku[router]: at=error code=H10 desc="App crashed" method=GET path="/favicon.ico" host=www.shoptraders.in request_id=369bdba0-f2be-4992-b3e6-8a88a42a2141 fwd="49.15.236.64" dyno= connect= service= status=503 bytes= protocol=https
2020-09-15T05:28:58.206754+00:00 heroku[router]: at=error code=H10 desc="App crashed" method=GET path="/signup/542500" host=www.shoptraders.in request_id=33644e9a-d996-42fd-82b3-71c1ac6d850e fwd="14.102.126.138" dyno= connect= service= status=503 bytes= protocol=https
2020-09-15T05:28:58.743641+00:00 heroku[router]: at=error code=H10 desc="App crashed" method=GET path="/favicon.ico" host=www.shoptraders.in request_id=b8f8eb06-ce03-4c1e-a252-927b0d35a57c fwd="14.102.126.138" dyno= connect= service= status=503 bytes= protocol=https
2020-09-15T05:29:02.966253+00:00 heroku[router]: at=error code=H10 desc="App crashed" method=GET path="/static/css/main.2c723740.chunk.css" host=www.shoptraders.in request_id=9006a634-e8f3-407d-a94d-f224bd142117 fwd="49.15.236.64" dyno= connect= service= status=503 bytes= protocol=https
2020-09-15T05:29:03.250772+00:00 heroku[router]: at=error code=H10 desc="App crashed" method=GET path="/static/js/main.87e3d509.chunk.js" host=www.shoptraders.in request_id=6e8dfd6d-ecea-4dab-982b-7e3800cdbad7 fwd="49.15.236.64" dyno= connect= service= status=503 bytes= protocol=https
2020-09-15T05:29:03.255505+00:00 heroku[router]: at=error code=H10 desc="App crashed" method=GET path="/static/js/3.a33ab904.chunk.js" host=www.shoptraders.in request_id=3b453444-b41b-4deb-8279-aa592dfa829e fwd="49.15.236.64" dyno= connect= service= status=503 bytes= protocol=https
2020-09-15T05:29:04.286039+00:00 heroku[router]: at=error code=H10 desc="App crashed" method=GET path="/manifest.json" host=www.shoptraders.in request_id=aad1f0c4-2b79-4d30-a88b-d33d23bd76a7 fwd="49.15.236.64" dyno= connect= service= status=503 bytes= protocol=https
2020-09-15T05:29:04.367497+00:00 heroku[router]: at=error code=H10 desc="App crashed" method=GET path="/favicon-16x16.png" host=www.shoptraders.in request_id=c9df5232-b027-4ae5-88a8-1dc409dd4a8e fwd="49.15.236.64" dyno= connect= service= status=503 bytes= protocol=https
2020-09-15T05:29:04.372622+00:00 heroku[router]: at=error code=H10 desc="App crashed" method=GET path="/favicon-32x32.png" host=www.shoptraders.in request_id=4988cc64-5017-4085-9ebd-a495c3ccc5c9 fwd="49.15.236.64" dyno= connect= service= status=503 bytes= protocol=https
2020-09-15T05:29:04.382250+00:00 heroku[router]: at=error code=H10 desc="App crashed" method=GET path="/favicon-96x96.png" host=www.shoptraders.in request_id=2289bc9c-5f78-4805-b1f7-bf075f9497eb fwd="49.15.236.64" dyno= connect= service= status=503 bytes= protocol=https
2020-09-15T05:29:04.390605+00:00 heroku[router]: at=error code=H10 desc="App crashed" method=GET path="/android-icon-192x192.png" host=www.shoptraders.in request_id=3c45fb9b-3961-48b7-a565-ac68a72829cc fwd="49.15.236.64" dyno= connect= service= status=503 bytes= protocol=https
2020-09-15T05:29:04.413629+00:00 heroku[router]: at=error code=H10 desc="App crashed" method=GET path="/favicon.ico" host=www.shoptraders.in request_id=7fb66cbf-588a-438e-b53a-b14c62a1a116 fwd="49.15.236.64" dyno= connect= service= status=503 bytes= protocol=https
2020-09-15T05:29:04.625138+00:00 heroku[router]: at=error code=H10 desc="App crashed" method=GET path="/apple-icon-180x180.png" host=www.shoptraders.in request_id=29215a53-e402-48bb-8a11-97e44eef7a6c fwd="49.15.236.64" dyno= connect= service= status=503 bytes= protocol=https
2020-09-15T05:29:08.267880+00:00 heroku[router]: at=error code=H10 desc="App crashed" method=GET path="/enjoy" host=www.shoptraders.in request_id=5b657419-5b56-4dc2-b3f0-48d0a13caee0 fwd="49.15.236.64" dyno= connect= service= status=503 bytes= protocol=https
2020-09-15T05:29:09.495139+00:00 heroku[router]: at=error code=H10 desc="App crashed" method=GET path="/enjoy" host=www.shoptraders.in request_id=f17d8b4a-a909-4c4f-91dd-7c7687f6fc71 fwd="49.15.236.64" dyno= connect= service= status=503 bytes= protocol=https
2020-09-15T05:29:09.769626+00:00 heroku[router]: at=error code=H10 desc="App crashed" method=GET path="/favicon.ico" host=www.shoptraders.in request_id=6fb44e3b-da37-4fb8-8348-901f60783d15 fwd="49.15.236.64" dyno= connect= service= status=503 bytes= protocol=https
2020-09-15T05:29:10.491114+00:00 heroku[router]: at=error code=H10 desc="App crashed" method=GET path="/favicon.ico" host=www.shoptraders.in request_id=98f5e0e3-b5e1-4e45-b953-f67636faca60 fwd="49.15.236.64" dyno= connect= service= status=503 bytes= protocol=https
2020-09-15T05:29:12.260924+00:00 heroku[router]: at=error code=H10 desc="App crashed" method=GET path="/static/css/main.2c723740.chunk.css" host=www.shoptraders.in request_id=32dec83f-68a9-4313-b763-fd94ac5c5812 fwd="49.15.236.64" dyno= connect= service= status=503 bytes= protocol=https
2020-09-15T05:29:12.285231+00:00 heroku[router]: at=error code=H10 desc="App crashed" method=GET path="/static/js/3.a33ab904.chunk.js" host=www.shoptraders.in request_id=bdc52689-513c-40b2-88ab-d42240c4c349 fwd="49.15.236.64" dyno= connect= service= status=503 bytes= protocol=https
2020-09-15T05:29:12.291607+00:00 heroku[router]: at=error code=H10 desc="App crashed" method=GET path="/static/js/main.87e3d509.chunk.js" host=www.shoptraders.in request_id=04218f9b-ee6b-4242-8450-a0e3892b5944 fwd="49.15.236.64" dyno= connect= service= status=503 bytes= protocol=https
2020-09-15T05:29:13.021100+00:00 heroku[router]: at=error code=H10 desc="App crashed" method=GET path="/static/js/main.87e3d509.chunk.js" host=www.shoptraders.in request_id=096f0c9b-0256-4cdc-8fc8-3c70f31e8e6b fwd="49.15.236.64" dyno= connect= service= status=503 bytes= protocol=https
2020-09-15T05:29:13.891405+00:00 heroku[router]: at=error code=H10 desc="App crashed" method=GET path="/manifest.json" host=www.shoptraders.in request_id=4d561099-bc07-4cb7-b5b1-88c675f688d1 fwd="49.15.236.64" dyno= connect= service= status=503 bytes= protocol=https
2020-09-15T05:29:14.175088+00:00 heroku[router]: at=error code=H10 desc="App crashed" method=GET path="/favicon-16x16.png" host=www.shoptraders.in request_id=74012ae2-49e2-4113-8b8d-8a458370eb8f fwd="49.15.236.64" dyno= connect= service= status=503 bytes= protocol=https
2020-09-15T05:29:14.242350+00:00 heroku[router]: at=error code=H10 desc="App crashed" method=GET path="/favicon-96x96.png" host=www.shoptraders.in request_id=8dc09e9d-f33c-490f-9615-984089009112 fwd="49.15.236.64" dyno= connect= service= status=503 bytes= protocol=https
2020-09-15T05:29:14.248340+00:00 heroku[router]: at=error code=H10 desc="App crashed" method=GET path="/favicon-32x32.png" host=www.shoptraders.in request_id=7ed518a0-7437-46cd-b4c9-c8113d2b0cf3 fwd="49.15.236.64" dyno= connect= service= status=503 bytes= protocol=https
2020-09-15T05:29:14.254374+00:00 heroku[router]: at=error code=H10 desc="App crashed" method=GET path="/android-icon-192x192.png" host=www.shoptraders.in request_id=64360d6c-59fe-4bbc-95ff-1d3eb1b3f0b1 fwd="49.15.236.64" dyno= connect= service= status=503 bytes= protocol=https
2020-09-15T05:29:14.281251+00:00 heroku[router]: at=error code=H10 desc="App crashed" method=GET path="/favicon.ico" host=www.shoptraders.in request_id=d837fdd0-335c-40cb-8066-b0c7798ca0ce fwd="49.15.236.64" dyno= connect= service= status=503 bytes= protocol=https
2020-09-15T05:29:14.617123+00:00 heroku[router]: at=error code=H10 desc="App crashed" method=GET path="/apple-icon-180x180.png" host=www.shoptraders.in request_id=1f6dd4f3-aee4-4d3b-a242-d3f2b98ae1e6 fwd="49.15.236.64" dyno= connect= service= status=503 bytes= protocol=https
2020-09-15T05:29:15.584106+00:00 heroku[router]: at=error code=H10 desc="App crashed" method=GET path="/login" host=www.shoptraders.in request_id=9cedbebb-e41d-42a2-9b10-123cefdd50b9 fwd="49.15.236.64" dyno= connect= service= status=503 bytes= protocol=https
2020-09-15T05:29:16.738054+00:00 heroku[router]: at=error code=H10 desc="App crashed" method=GET path="/favicon.ico" host=www.shoptraders.in request_id=a12c8e89-91e4-41a8-8dc7-30334b252e35 fwd="49.15.236.64" dyno= connect= service= status=503 bytes= protocol=https
2020-09-15T05:29:18.262171+00:00 heroku[router]: at=error code=H10 desc="App crashed" method=GET path="/enjoy" host=www.shoptraders.in request_id=b2477cd6-459f-418a-8eae-5209bbe6d460 fwd="49.15.236.64" dyno= connect= service= status=503 bytes= protocol=https
2020-09-15T05:29:19.407885+00:00 heroku[router]: at=error code=H10 desc="App crashed" method=GET path="/favicon.ico" host=www.shoptraders.in request_id=cb70b9a3-db7c-4f04-9dd4-b55d98e10dba fwd="49.15.236.64" dyno= connect= service= status=503 bytes= protocol=https
2020-09-15T05:29:20.543602+00:00 heroku[router]: at=error code=H10 desc="App crashed" method=GET path="/enjoy" host=www.shoptraders.in request_id=47ef4dce-872f-4fb5-814e-8b82fc957e6f fwd="49.15.236.64" dyno= connect= service= status=503 bytes= protocol=https
2020-09-15T05:29:21.703688+00:00 heroku[router]: at=error code=H10 desc="App crashed" method=GET path="/favicon.ico" host=www.shoptraders.in request_id=c451079a-0cf7-4442-ac27-a54dca05a7d5 fwd="49.15.236.64" dyno= connect= service= status=503 bytes= protocol=https
2020-09-15T05:29:23.249564+00:00 heroku[router]: at=error code=H10 desc="App crashed" method=GET path="/login" host=www.shoptraders.in request_id=72b61dd1-3309-47d1-82a8-95a1571396d1 fwd="49.15.236.64" dyno= connect= service= status=503 bytes= protocol=https
2020-09-15T05:29:23.535924+00:00 heroku[router]: at=error code=H10 desc="App crashed" method=GET path="/signup/542500" host=www.shoptraders.in request_id=424260a4-dfb0-4ea4-a543-217934d05e53 fwd="14.102.126.138" dyno= connect= service= status=503 bytes= protocol=https
2020-09-15T05:29:24.130468+00:00 heroku[router]: at=error code=H10 desc="App crashed" method=GET path="/favicon.ico" host=www.shoptraders.in request_id=60370d43-030f-4564-8d0c-116ee3bcbd9c fwd="14.102.126.138" dyno= connect= service= status=503 bytes= protocol=https
2020-09-15T05:29:24.377666+00:00 heroku[router]: at=error code=H10 desc="App crashed" method=GET path="/favicon.ico" host=www.shoptraders.in request_id=ffd31b05-9d46-4ff1-8173-7cff5ffd4ff4 fwd="49.15.236.64" dyno= connect= service= status=503 bytes= protocol=https
2020-09-15T05:29:27.241193+00:00 heroku[router]: at=error code=H10 desc="App crashed" method=GET path="/manifest.json" host=www.shoptraders.in request_id=af78f67f-7278-4791-ae57-7bb4166ae373 fwd="14.102.126.138" dyno= connect= service= status=503 bytes= protocol=https
2020-09-15T05:29:27.576974+00:00 heroku[router]: at=error code=H10 desc="App crashed" method=GET path="/static/media/logo_200.b175e1c4.png" host=www.shoptraders.in request_id=46aacc26-713a-47fc-a507-e7a9a4a30599 fwd="14.102.126.138" dyno= connect= service= status=503 bytes= protocol=https
2020-09-15T05:29:28.321350+00:00 heroku[router]: at=error code=H10 desc="App crashed" method=GET path="/signup/542500" host=www.shoptraders.in request_id=d0023335-ed62-4be1-a1d8-c67a2111c4fd fwd="14.102.126.138" dyno= connect= service= status=503 bytes= protocol=https
2020-09-15T05:29:28.939522+00:00 heroku[router]: at=error code=H10 desc="App crashed" method=GET path="/favicon.ico" host=www.shoptraders.in request_id=5571133a-4628-426d-bb70-04554d1f97ec fwd="14.102.126.138" dyno= connect= service= status=503 bytes= protocol=https
2020-09-15T05:29:35.327198+00:00 heroku[router]: at=error code=H10 desc="App crashed" method=GET path="/signup/542500" host=www.shoptraders.in request_id=1757a846-8198-4f23-911b-6514f60f193b fwd="14.102.126.138" dyno= connect= service= status=503 bytes= protocol=https
2020-09-15T05:29:36.459084+00:00 heroku[router]: at=error code=H10 desc="App crashed" method=GET path="/favicon.ico" host=www.shoptraders.in request_id=3fcee96b-af86-4887-b271-89202615389f fwd="14.102.126.138" dyno= connect= service= status=503 bytes= protocol=https
2020-09-15T05:29:42.326544+00:00 heroku[router]: at=error code=H10 desc="App crashed" method=GET path="/login" host=www.shoptraders.in request_id=5dfb5736-498f-4d17-9084-52b93c7ebcc3 fwd="49.15.236.64" dyno= connect= service= status=503 bytes= protocol=https
2020-09-15T05:29:42.410077+00:00 heroku[router]: at=error code=H10 desc="App crashed" method=GET path="/signup/612728" host=www.shoptraders.in request_id=160be36d-5658-4dde-b1d1-3ef93bc0ec89 fwd="49.15.236.64" dyno= connect= service= status=503 bytes= protocol=https
2020-09-15T05:29:43.698015+00:00 heroku[router]: at=error code=H10 desc="App crashed" method=GET path="/favicon.ico" host=www.shoptraders.in request_id=f43968d2-93dd-4df2-80c3-db4cd108050f fwd="49.15.236.64" dyno= connect= service= status=503 bytes= protocol=https
2020-09-15T05:29:44.688383+00:00 heroku[router]: at=error code=H10 desc="App crashed" method=GET path="/favicon.ico" host=www.shoptraders.in request_id=afca6a09-3c4c-47b0-bbb5-8b38348a5a09 fwd="49.15.236.64" dyno= connect= service= status=503 bytes= protocol=https
2020-09-15T05:29:46.367165+00:00 heroku[router]: at=error code=H10 desc="App crashed" method=GET path="/signup/612728" host=www.shoptraders.in request_id=1b2de214-50e5-451e-b0eb-130d75037c42 fwd="49.15.236.64" dyno= connect= service= status=503 bytes= protocol=https
2020-09-15T05:29:47.500695+00:00 heroku[router]: at=error code=H10 desc="App crashed" method=GET path="/signup/612728" host=www.shoptraders.in request_id=7b9f9e6a-0abf-45f4-b351-f7ff7296e1bf fwd="49.15.236.64" dyno= connect= service= status=503 bytes= protocol=https
2020-09-15T05:29:47.680395+00:00 heroku[router]: at=error code=H10 desc="App crashed" method=GET path="/favicon.ico" host=www.shoptraders.in request_id=839bf5a5-9792-43fa-b40e-2917a6402652 fwd="49.15.236.64" dyno= connect= service= status=503 bytes= protocol=https
2020-09-15T05:29:48.293850+00:00 heroku[router]: at=error code=H10 desc="App crashed" method=GET path="/favicon.ico" host=www.shoptraders.in request_id=8796e656-607c-46b9-a6d3-7a937ab110d8 fwd="49.15.236.64" dyno= connect= service= status=503 bytes= protocol=https
2020-09-15T05:29:50.180932+00:00 heroku[router]: at=error code=H10 desc="App crashed" method=GET path="/signup/612728" host=www.shoptraders.in request_id=2363161c-f8d0-4aed-9b5a-cc01f9d220ec fwd="49.15.236.64" dyno= connect= service= status=503 bytes= protocol=https
2020-09-15T05:29:50.969166+00:00 heroku[router]: at=error code=H10 desc="App crashed" method=GET path="/signup/612728" host=www.shoptraders.in request_id=8adcfda6-0b99-4325-8eaa-34daaa11420f fwd="49.15.236.64" dyno= connect= service= status=503 bytes= protocol=https
2020-09-15T05:29:51.443335+00:00 heroku[router]: at=error code=H10 desc="App crashed" method=GET path="/favicon.ico" host=www.shoptraders.in request_id=36da5a46-5685-4392-83eb-149b7a85cf8a fwd="49.15.236.64" dyno= connect= service= status=503 bytes= protocol=https
2020-09-15T05:29:52.490013+00:00 heroku[router]: at=error code=H10 desc="App crashed" method=GET path="/signup/612728" host=www.shoptraders.in request_id=0715364f-a984-4df5-86eb-fdac580ffff2 fwd="49.15.236.64" dyno= connect= service= status=503 bytes= protocol=https
2020-09-15T05:29:52.968693+00:00 heroku[router]: at=error code=H10 desc="App crashed" method=GET path="/favicon.ico" host=www.shoptraders.in request_id=c44301ec-7868-4276-9967-7f57c4362376 fwd="49.15.236.64" dyno= connect= service= status=503 bytes= protocol=https
2020-09-15T05:29:54.626781+00:00 heroku[router]: at=error code=H10 desc="App crashed" method=GET path="/signup/612728" host=www.shoptraders.in request_id=43ff0bb7-3c8b-44a0-ba31-6adbad0350b6 fwd="49.15.236.64" dyno= connect= service= status=503 bytes= protocol=https
2020-09-15T05:29:55.423024+00:00 heroku[router]: at=error code=H10 desc="App crashed" method=GET path="/favicon.ico" host=www.shoptraders.in request_id=5fe624a3-9709-4517-94f7-56187fe0c5c0 fwd="49.15.236.64" dyno= connect= service= status=503 bytes= protocol=https
2020-09-15T05:29:57.146168+00:00 heroku[router]: at=error code=H10 desc="App crashed" method=GET path="/signup/542500" host=www.shoptraders.in request_id=e3c4fefb-5027-43b4-ad2c-6944030f5e06 fwd="14.102.126.138" dyno= connect= service= status=503 bytes= protocol=https
2020-09-15T05:29:58.291633+00:00 heroku[router]: at=error code=H10 desc="App crashed" method=GET path="/favicon.ico" host=www.shoptraders.in request_id=7bed9466-8556-451d-90b1-38a4fdfda1bc fwd="14.102.126.138" dyno= connect= service= status=503 bytes= protocol=https
2020-09-15T05:30:12.365941+00:00 heroku[router]: at=error code=H10 desc="App crashed" method=GET path="/signup/542500" host=www.shoptraders.in request_id=40107915-69b9-4592-a124-f7ff353e7d38 fwd="14.102.126.138" dyno= connect= service= status=503 bytes= protocol=https
2020-09-15T05:30:14.115392+00:00 heroku[router]: at=error code=H10 desc="App crashed" method=GET path="/favicon.ico" host=www.shoptraders.in request_id=f034352e-c8ce-471a-a963-9b6caf8e0bb8 fwd="14.102.126.138" dyno= connect= service= status=503 bytes= protocol=https
2020-09-15T05:30:19.416056+00:00 heroku[router]: at=error code=H10 desc="App crashed" method=GET path="/signup/542500" host=www.shoptraders.in request_id=1ad27ecc-b0a8-40f1-a37c-af3979f3fde0 fwd="14.102.126.138" dyno= connect= service= status=503 bytes= protocol=https
2020-09-15T05:30:19.776432+00:00 heroku[router]: at=error code=H10 desc="App crashed" method=GET path="/favicon.ico" host=www.shoptraders.in request_id=2c333559-392b-4151-ab55-f99c2d068c23 fwd="14.102.126.138" dyno= connect= service= status=503 bytes= protocol=https
2020-09-15T05:30:20.844951+00:00 heroku[router]: at=error code=H10 desc="App crashed" method=GET path="/login" host=www.shoptraders.in request_id=5e3f3503-bab9-4d2d-80f7-0db51f8e5dfd fwd="49.15.236.64" dyno= connect= service= status=503 bytes= protocol=https
2020-09-15T05:30:21.499961+00:00 heroku[router]: at=error code=H10 desc="App crashed" method=GET path="/login" host=www.shoptraders.in request_id=2cd54105-cd61-467e-9f8b-bc777da82035 fwd="49.15.236.64" dyno= connect= service= status=503 bytes= protocol=https
2020-09-15T05:30:22.657526+00:00 heroku[router]: at=error code=H10 desc="App crashed" method=GET path="/login" host=www.shoptraders.in request_id=e0aa657f-46b2-4d0d-9347-70699dcd9456 fwd="49.15.236.64" dyno= connect= service= status=503 bytes= protocol=https
2020-09-15T05:30:22.698355+00:00 heroku[router]: at=error code=H10 desc="App crashed" method=GET path="/favicon.ico" host=www.shoptraders.in request_id=73a36bf7-0f32-4ec4-8b74-0a16842dff27 fwd="49.15.236.64" dyno= connect= service= status=503 bytes= protocol=https
2020-09-15T05:30:23.458317+00:00 heroku[router]: at=error code=H10 desc="App crashed" method=GET path="/favicon.ico" host=www.shoptraders.in request_id=3d3fb156-0df7-4d73-9ec8-a5789066cf81 fwd="49.15.236.64" dyno= connect= service= status=503 bytes= protocol=https
2020-09-15T05:30:25.945082+00:00 heroku[router]: at=error code=H10 desc="App crashed" method=GET path="/login" host=www.shoptraders.in request_id=a6e7e4fa-cb1f-46c7-a852-27a335dcec1d fwd="49.15.236.64" dyno= connect= service= status=503 bytes= protocol=https
2020-09-15T05:30:26.810136+00:00 heroku[router]: at=error code=H10 desc="App crashed" method=GET path="/favicon.ico" host=www.shoptraders.in request_id=05e6357b-7901-4526-8d6b-6a8408e31b4a fwd="49.15.236.64" dyno= connect= service= status=503 bytes= protocol=https
2020-09-15T05:30:40.872095+00:00 heroku[router]: at=error code=H10 desc="App crashed" method=GET path="/signup/612728" host=www.shoptraders.in request_id=7347624c-4309-4aa8-a79f-964c50facdba fwd="49.15.236.64" dyno= connect= service= status=503 bytes= protocol=https
2020-09-15T05:30:41.665734+00:00 heroku[router]: at=error code=H10 desc="App crashed" method=GET path="/favicon.ico" host=www.shoptraders.in request_id=7f42663b-85d5-441d-ada2-1c40a727f891 fwd="49.15.236.64" dyno= connect= service= status=503 bytes= protocol=https
2020-09-15T05:30:43.825447+00:00 heroku[router]: at=error code=H10 desc="App crashed" method=GET path="/signup/612728" host=www.shoptraders.in request_id=8ac6a3b1-b9c6-40a9-aed5-fbd1ee96432d fwd="49.15.236.64" dyno= connect= service= status=503 bytes= protocol=https
2020-09-15T05:30:44.432381+00:00 heroku[router]: at=error code=H10 desc="App crashed" method=GET path="/signup/612728" host=www.shoptraders.in request_id=e7a7a45f-7d2c-4dc4-99c2-f1a1da24bb81 fwd="49.15.236.64" dyno= connect= service= status=503 bytes= protocol=https
2020-09-15T05:30:45.527870+00:00 heroku[router]: at=error code=H10 desc="App crashed" method=GET path="/signup/612728" host=www.shoptraders.in request_id=7c0870d8-4f7f-4d06-abd4-c90a10de8c9b fwd="49.15.236.64" dyno= connect= service= status=503 bytes= protocol=https
2020-09-15T05:30:45.572570+00:00 heroku[router]: at=error code=H10 desc="App crashed" method=GET path="/favicon.ico" host=www.shoptraders.in request_id=a96b1765-0dd6-4f19-a73e-26a709130698 fwd="49.15.236.64" dyno= connect= service= status=503 bytes= protocol=https
2020-09-15T05:30:46.054571+00:00 heroku[router]: at=error code=H10 desc="App crashed" method=GET path="/signup/612728" host=www.shoptraders.in request_id=23e83442-01a0-47fe-be95-4f652fd81ea0 fwd="49.15.236.64" dyno= connect= service= status=503 bytes= protocol=https
2020-09-15T05:30:46.594807+00:00 heroku[router]: at=error code=H10 desc="App crashed" method=GET path="/signup/542500" host=www.shoptraders.in request_id=4d8ae954-a9ce-44f6-90e3-0a64ac2aa6de fwd="14.102.126.138" dyno= connect= service= status=503 bytes= protocol=https
2020-09-15T05:30:47.209756+00:00 heroku[router]: at=error code=H10 desc="App crashed" method=GET path="/favicon.ico" host=www.shoptraders.in request_id=9a45da86-add2-4414-b736-f5c70527107f fwd="49.15.236.64" dyno= connect= service= status=503 bytes= protocol=https
2020-09-15T05:30:47.209783+00:00 heroku[router]: at=error code=H10 desc="App crashed" method=GET path="/signup/612728" host=www.shoptraders.in request_id=b3e5a239-60f5-44d7-8afe-ca403eca5909 fwd="49.15.236.64" dyno= connect= service= status=503 bytes= protocol=https
2020-09-15T05:30:47.698640+00:00 heroku[router]: at=error code=H10 desc="App crashed" method=GET path="/signup/612728" host=www.shoptraders.in request_id=e4449656-ab9f-416c-a755-cfd16cead26c fwd="49.15.236.64" dyno= connect= service= status=503 bytes= protocol=https
2020-09-15T05:30:48.842377+00:00 heroku[router]: at=error code=H10 desc="App crashed" method=GET path="/favicon.ico" host=www.shoptraders.in request_id=9a61d773-3ef3-476f-85bf-cd64e02c958a fwd="14.102.126.138" dyno= connect= service= status=503 bytes= protocol=https
2020-09-15T05:30:48.842544+00:00 heroku[router]: at=error code=H10 desc="App crashed" method=GET path="/signup/612728" host=www.shoptraders.in request_id=9a8f476c-9564-40e1-8df4-63f3b0d05b2b fwd="49.15.236.64" dyno= connect= service= status=503 bytes= protocol=https
2020-09-15T05:30:49.181269+00:00 heroku[router]: at=error code=H10 desc="App crashed" method=GET path="/favicon.ico" host=www.shoptraders.in request_id=2b0aab30-e2ea-4e73-a747-f26136fd65d9 fwd="49.15.236.64" dyno= connect= service= status=503 bytes= protocol=https
2020-09-15T05:30:50.027132+00:00 heroku[router]: at=error code=H10 desc="App crashed" method=GET path="/signup/612728" host=www.shoptraders.in request_id=ed93238e-e4d6-46dd-9851-602d4b1ca8f9 fwd="49.15.236.64" dyno= connect= service= status=503 bytes= protocol=https
2020-09-15T05:30:50.247055+00:00 heroku[router]: at=error code=H10 desc="App crashed" method=GET path="/favicon.ico" host=www.shoptraders.in request_id=89bc9d12-e51e-4888-81a2-a8ae57fc511f fwd="49.15.236.64" dyno= connect= service= status=503 bytes= protocol=https
2020-09-15T05:30:50.825937+00:00 heroku[router]: at=error code=H10 desc="App crashed" method=GET path="/favicon.ico" host=www.shoptraders.in request_id=53587873-b5a0-4623-ac9c-e49dc258c9d4 fwd="49.15.236.64" dyno= connect= service= status=503 bytes= protocol=https
2020-09-15T05:30:51.740412+00:00 heroku[router]: at=error code=H10 desc="App crashed" method=GET path="/signup/612728" host=www.shoptraders.in request_id=0d6b2819-5f60-453f-bdb4-c7c0befcea14 fwd="49.15.236.64" dyno= connect= service= status=503 bytes= protocol=https
2020-09-15T05:30:52.861613+00:00 heroku[router]: at=error code=H10 desc="App crashed" method=GET path="/favicon.ico" host=www.shoptraders.in request_id=e4f6f385-06be-4b47-8d82-415a3e195e47 fwd="49.15.236.64" dyno= connect= service= status=503 bytes= protocol=https